// Jest Snapshot v1, https://goo.gl/fbAQLP

exports[`should CustomerComment run correctly 1`] = `
{
  "asFragment": [Function],
  "baseElement": <body>
    <div>
      <div>
        <div
          class="swiper swiper-initialized swiper-horizontal swiper-pointer-events mySwiper"
        >
          <div
            class="swiper-wrapper"
            style="transition-duration: 0ms; transform: translate3d(NaNpx, 0px, 0px);"
          >
            <div
              class="swiper-slide"
            >
              <div>
                <div>
                  <div>
                    <img
                      alt="img"
                      src="test-file-stub"
                    />
                  </div>
                  <div>
                    <div>
                      <img
                        alt="quoteImg"
                        src="test-file-stub"
                      />
                    </div>
                    <div>
                      <p>
                        asdasdasdasdasd
                      </p>
                    </div>
                    <div>
                      <p>
                        - William Genske
                      </p>
                    </div>
                  </div>
                </div>
              </div>
            </div>
            <div
              class="swiper-slide"
            >
              Slide 2
            </div>
            <div
              class="swiper-slide"
            >
              Slide 3
            </div>
          </div>
          <div
            class="swiper-pagination swiper-pagination-bullets swiper-pagination-horizontal"
          />
        </div>
      </div>
    </div>
  </body>,
  "container": <div>
    <div>
      <div
        class="swiper swiper-initialized swiper-horizontal swiper-pointer-events mySwiper"
      >
        <div
          class="swiper-wrapper"
          style="transition-duration: 0ms; transform: translate3d(NaNpx, 0px, 0px);"
        >
          <div
            class="swiper-slide"
          >
            <div>
              <div>
                <div>
                  <img
                    alt="img"
                    src="test-file-stub"
                  />
                </div>
                <div>
                  <div>
                    <img
                      alt="quoteImg"
                      src="test-file-stub"
                    />
                  </div>
                  <div>
                    <p>
                      asdasdasdasdasd
                    </p>
                  </div>
                  <div>
                    <p>
                      - William Genske
                    </p>
                  </div>
                </div>
              </div>
            </div>
          </div>
          <div
            class="swiper-slide"
          >
            Slide 2
          </div>
          <div
            class="swiper-slide"
          >
            Slide 3
          </div>
        </div>
        <div
          class="swiper-pagination swiper-pagination-bullets swiper-pagination-horizontal"
        />
      </div>
    </div>
  </div>,
  "debug": [Function],
  "findAllByAltText": [Function],
  "findAllByDisplayValue": [Function],
  "findAllByLabelText": [Function],
  "findAllByPlaceholderText": [Function],
  "findAllByRole": [Function],
  "findAllByTestId": [Function],
  "findAllByText": [Function],
  "findAllByTitle": [Function],
  "findByAltText": [Function],
  "findByDisplayValue": [Function],
  "findByLabelText": [Function],
  "findByPlaceholderText": [Function],
  "findByRole": [Function],
  "findByTestId": [Function],
  "findByText": [Function],
  "findByTitle": [Function],
  "getAllByAltText": [Function],
  "getAllByDisplayValue": [Function],
  "getAllByLabelText": [Function],
  "getAllByPlaceholderText": [Function],
  "getAllByRole": [Function],
  "getAllByTestId": [Function],
  "getAllByText": [Function],
  "getAllByTitle": [Function],
  "getByAltText": [Function],
  "getByDisplayValue": [Function],
  "getByLabelText": [Function],
  "getByPlaceholderText": [Function],
  "getByRole": [Function],
  "getByTestId": [Function],
  "getByText": [Function],
  "getByTitle": [Function],
  "queryAllByAltText": [Function],
  "queryAllByDisplayValue": [Function],
  "queryAllByLabelText": [Function],
  "queryAllByPlaceholderText": [Function],
  "queryAllByRole": [Function],
  "queryAllByTestId": [Function],
  "queryAllByText": [Function],
  "queryAllByTitle": [Function],
  "queryByAltText": [Function],
  "queryByDisplayValue": [Function],
  "queryByLabelText": [Function],
  "queryByPlaceholderText": [Function],
  "queryByRole": [Function],
  "queryByTestId": [Function],
  "queryByText": [Function],
  "queryByTitle": [Function],
  "rerender": [Function],
  "unmount": [Function],
}
`;
