// Jest Snapshot v1, https://goo.gl/fbAQLP

exports[`should Header render correctly 1`] = `
{
  "asFragment": [Function],
  "baseElement": <body>
    <div>
      <ul
        class="nav"
      >
        <li
          class="nav-item"
        >
          <a
            class="nav-link active"
            data-rr-ui-event-key="/home"
            href="/home"
          >
            Home
          </a>
        </li>
        <li
          class="nav-item"
        >
          <a
            class="nav-link"
            data-rr-ui-event-key="link-1"
            href="#"
            role="button"
            tabindex="0"
          >
            Fashion Sneaker
          </a>
        </li>
        <li
          class="nav-item"
        >
          <a
            class="nav-link"
            data-rr-ui-event-key="link-2"
            href="#"
            role="button"
            tabindex="0"
          >
            Jackets
          </a>
        </li>
      </ul>
    </div>
  </body>,
  "container": <div>
    <ul
      class="nav"
    >
      <li
        class="nav-item"
      >
        <a
          class="nav-link active"
          data-rr-ui-event-key="/home"
          href="/home"
        >
          Home
        </a>
      </li>
      <li
        class="nav-item"
      >
        <a
          class="nav-link"
          data-rr-ui-event-key="link-1"
          href="#"
          role="button"
          tabindex="0"
        >
          Fashion Sneaker
        </a>
      </li>
      <li
        class="nav-item"
      >
        <a
          class="nav-link"
          data-rr-ui-event-key="link-2"
          href="#"
          role="button"
          tabindex="0"
        >
          Jackets
        </a>
      </li>
    </ul>
  </div>,
  "debug": [Function],
  "findAllByAltText": [Function],
  "findAllByDisplayValue": [Function],
  "findAllByLabelText": [Function],
  "findAllByPlaceholderText": [Function],
  "findAllByRole": [Function],
  "findAllByTestId": [Function],
  "findAllByText": [Function],
  "findAllByTitle": [Function],
  "findByAltText": [Function],
  "findByDisplayValue": [Function],
  "findByLabelText": [Function],
  "findByPlaceholderText": [Function],
  "findByRole": [Function],
  "findByTestId": [Function],
  "findByText": [Function],
  "findByTitle": [Function],
  "getAllByAltText": [Function],
  "getAllByDisplayValue": [Function],
  "getAllByLabelText": [Function],
  "getAllByPlaceholderText": [Function],
  "getAllByRole": [Function],
  "getAllByTestId": [Function],
  "getAllByText": [Function],
  "getAllByTitle": [Function],
  "getByAltText": [Function],
  "getByDisplayValue": [Function],
  "getByLabelText": [Function],
  "getByPlaceholderText": [Function],
  "getByRole": [Function],
  "getByTestId": [Function],
  "getByText": [Function],
  "getByTitle": [Function],
  "queryAllByAltText": [Function],
  "queryAllByDisplayValue": [Function],
  "queryAllByLabelText": [Function],
  "queryAllByPlaceholderText": [Function],
  "queryAllByRole": [Function],
  "queryAllByTestId": [Function],
  "queryAllByText": [Function],
  "queryAllByTitle": [Function],
  "queryByAltText": [Function],
  "queryByDisplayValue": [Function],
  "queryByLabelText": [Function],
  "queryByPlaceholderText": [Function],
  "queryByRole": [Function],
  "queryByTestId": [Function],
  "queryByText": [Function],
  "queryByTitle": [Function],
  "rerender": [Function],
  "unmount": [Function],
}
`;
